******************************************************************************
              TMS320C55x Linker PC v4.4.1                      
******************************************************************************
>> Linked Thu Jan 14 16:20:13 2021

OUTPUT FILE NAME:   <audio_shorten.out>
ENTRY POINT SYMBOL: "_c_int00"  address: 00010da0


MEMORY CONFIGURATION

         name            origin    length      used     unused   attr    fill
                        (bytes)   (bytes)    (bytes)   (bytes)
----------------------  --------  ---------  --------  --------  ----  --------
  MMR                   00000000   000000c0  00000000  000000c0  RW  
  DARAM                 000000c0   0000ff40  00005b98  0000a3a8  RW  
  SARAM1                00010000   00020000  00000e39  0001f1c7  RW  
  SARAM2                00030000   00020000  00004000  0001c000  RW  
  EMIF_CS0              00050000   007b0000  00000000  007b0000  RW  
  EMIF_CS2              00800000   00400000  00000000  00400000  RW  
  EMIF_CS3              00c00000   00200000  00000000  00200000  RW  
  EMIF_CS4              00e00000   00100000  00000000  00100000  RW  
  EMIF_CS5              00f00000   000e0000  00000000  000e0000  RW  
  SAROM_0               00fe0000   00008000  00000000  00008000  R  X
  SAROM_1               00fe8000   00008000  00000000  00008000  R  X
  SAROM_2               00ff0000   00008000  00000000  00008000  R  X
  SAROM_3               00ff8000   00008000  00000000  00008000  R  X


SECTION ALLOCATION MAP
(Addresses surrounded by []'s are displayed for convenience only!)

output                                                          attributes/
section   page  orgn(bytes) orgn(words) len(bytes) len(words)   input sections
--------  ----  ----------- ----------- ---------- ----------   --------------
.data        0   [ 000000c0 ]  00000060          *   00000000   UNINITIALIZED

.cinit       0   [ 000000c0 ]  00000060          *   0000202c   
                 [ 000000c0 ]  00000060          *   00002017   main.obj (.cinit)
                 [ 000040ee ]  00002077          *   0000000a   rts55x.lib : _lock.obj (.cinit)
                 [ 00004102 ]  00002081          *   0000000a              : exit.obj (.cinit)
                 [ 00004116 ]  0000208b          *   00000001   --HOLE-- [fill = 0]

.bss         0   [ 00004118 ]  0000208c          *   00000b1e   UNINITIALIZED
                 [ 00004118 ]  0000208c          *   00000b16   main.obj (.bss)
                 [ 00005744 ]  00002ba2          *   00000004   rts55x.lib : _lock.obj (.bss)
                 [ 0000574c ]  00002ba6          *   00000004              : exit.obj (.bss)

.stack       0   [ 00005754 ]  00002baa          *   00000100   UNINITIALIZED
                 [ 00005754 ]  00002baa          *   00000100   --HOLE--

.sysstack 
*            0   [ 00005954 ]  00002caa          *   00000100   UNINITIALIZED
                 [ 00005954 ]  00002caa          *   00000100   --HOLE--

.const       0   [ 00005b54 ]  00002daa          *   00000002   
                 [ 00005b54 ]  00002daa          *   00000002   rts55x.lib : fltlid.obj (.const)

vectors      0     00005b58  [ 00002dac ] 00000100          *   NOLOAD SECTION
                   00005b58  [ 00002dac ] 00000100          *   rts55x.lib : vectors.obj (vectors)

.text        0     00010000  [ 00008000 ] 00000e39          *   
                   00010000  [ 00008000 ] 00000409          *   prediction.obj (.text)
                   00010409  [ 00008204+] 0000025a          *   rts55x.lib : addd.obj (.text)
                   00010663  [ 00008331+] 000001cb          *   rice_codec.obj (.text)
                   0001082e  [ 00008417 ] 0000014c          *   rts55x.lib : mpyd.obj (.text)
                   0001097a  [ 000084bd ] 00000127          *   main.obj (.text)
                   00010aa1  [ 00008550+] 000000a1          *   rts55x.lib : divul.obj (.text)
                   00010b42  [ 000085a1 ] 00000076          *              : frcmpyd.obj (.text)
                   00010bb8  [ 000085dc ] 0000006f          *              : fixdli.obj (.text)
                   00010c27  [ 00008613+] 00000067          *              : fltlid.obj (.text)
                   00010c8e  [ 00008647 ] 0000004d          *              : autoinit.obj (.text)
                   00010cdb  [ 0000866d+] 0000004b          *              : args_main.obj (.text)
                   00010d26  [ 00008693 ] 0000003e          *              : exit.obj (.text)
                   00010d64  [ 000086b2 ] 0000003c          *              : idiv.obj (.text)
                   00010da0  [ 000086d0 ] 00000034          *              : boot.obj (.text)
                   00010dd4  [ 000086ea ] 0000002a          *              : fixdi.obj (.text)
                   00010dfe  [ 000086ff ] 00000013          *              : lmpy.obj (.text)
                   00010e11  [ 00008708+] 00000012          *              : _lock.obj (.text)
                   00010e23  [ 00008711+] 0000000c          *              : fltid.obj (.text)
                   00010e2f  [ 00008717+] 00000007          *              : exit.obj (.text:CIO_breakpoint)
                   00010e36  [ 0000871b ] 00000002          *              : vectors.obj (.text)
                   00010e38  [ 0000871c ] 00000001          *   --HOLE-- [fill = 20]

audiobuf     0   [ 00030000 ]  00018000          *   00002000   UNINITIALIZED
                 [ 00030000 ]  00018000          *   00002000   main.obj (audiobuf)


GLOBAL SYMBOLS: SORTED ALPHABETICALLY BY Name 

abs. value/
byte addr   word addr   name
---------   ---------   ----
00000002                $TI_capability$C5500$CallingConvention
00000002                $TI_capability$C5500$MemoryModel
00000001                $TI_capability_requires_rev3
            0000208c    .bss
            00000060    .data
00010000                .text
00010e30                C$$EXIT
00010d64                I$$DIV
00010dfe                I$$LMPY
00010d83                I$$MOD
00005b58                _Reset
            00002caa    __STACK_END
00000200                __STACK_SIZE
00000200                __SYSSTACK_SIZE
00000001                __TI_args_main
ffffffff                ___binit__
            0000208c    ___bss__
ffffffff                ___c_args__
            00000060    ___cinit__
            00000060    ___data__
            00000060    ___edata__
            00002baa    ___end__
00010e39                ___etext__
ffffffff                ___pinit__
00010000                ___text__
00010409                __addd
00010cdb                __args_main
            00002ba6    __cleanup_ptr
00010d64                __divi
00010aa1                __divul
            00002ba8    __dtors_ptr
00010dd4                __fixdi
00010bb8                __fixdli
00010e23                __fltid
00010c27                __fltlid
00010b42                __frcmpyd
            00002ba2    __lock
0001082e                __mpyd
00010dfe                __mpyli
00010e21                __nop
00010e19                __register_lock
00010e11                __register_unlock
00010d83                __remi
            00002baa    __stack
            00002caa    __sysstack
            00002ba4    __unlock
00010e2f                _abort
00010c8e                _auto_init
            00002097    _buffer_dec
            00002091    _buffer_enc
00010da0                _c_int00
            0000239d    _code
0001097a                _compute_error
            0000219d    _error_dec
            0000209d    _error_enc
00010d26                _exit
000102e9                _fir_circular_f
00010234                _fir_circular_fixed
0001099f                _main
            00002b9e    _num_bits
            0000229d    _output
            0000208c    _p_filt
00010170                _prediction_error
00010158                _prediction_error_P1
00010119                _prediction_error_P2
            00002ba0    _rec_err
00010055                _reconstruct
0001003f                _reconstruct_P1
00010000                _reconstruct_P2
00010763                _rice_decoder
000106a6                _rice_encoder
00010663                _rice_parameter
            00018000    _samples
ffffffff                binit
            00000060    cinit
            00000060    edata
            00002baa    end
00010e39                etext
ffffffff                pinit


GLOBAL SYMBOLS: SORTED BY Symbol Address 

abs. value/
byte addr   word addr   name
---------   ---------   ----
00000001                $TI_capability_requires_rev3
00000001                __TI_args_main
00000002                $TI_capability$C5500$CallingConvention
00000002                $TI_capability$C5500$MemoryModel
            00000060    .data
            00000060    ___cinit__
            00000060    ___data__
            00000060    ___edata__
            00000060    cinit
            00000060    edata
00000200                __STACK_SIZE
00000200                __SYSSTACK_SIZE
            0000208c    .bss
            0000208c    ___bss__
            0000208c    _p_filt
            00002091    _buffer_enc
            00002097    _buffer_dec
            0000209d    _error_enc
            0000219d    _error_dec
            0000229d    _output
            0000239d    _code
            00002b9e    _num_bits
            00002ba0    _rec_err
            00002ba2    __lock
            00002ba4    __unlock
            00002ba6    __cleanup_ptr
            00002ba8    __dtors_ptr
            00002baa    ___end__
            00002baa    __stack
            00002baa    end
            00002caa    __STACK_END
            00002caa    __sysstack
00005b58                _Reset
00010000                .text
00010000                ___text__
00010000                _reconstruct_P2
0001003f                _reconstruct_P1
00010055                _reconstruct
00010119                _prediction_error_P2
00010158                _prediction_error_P1
00010170                _prediction_error
00010234                _fir_circular_fixed
000102e9                _fir_circular_f
00010409                __addd
00010663                _rice_parameter
000106a6                _rice_encoder
00010763                _rice_decoder
0001082e                __mpyd
0001097a                _compute_error
0001099f                _main
00010aa1                __divul
00010b42                __frcmpyd
00010bb8                __fixdli
00010c27                __fltlid
00010c8e                _auto_init
00010cdb                __args_main
00010d26                _exit
00010d64                I$$DIV
00010d64                __divi
00010d83                I$$MOD
00010d83                __remi
00010da0                _c_int00
00010dd4                __fixdi
00010dfe                I$$LMPY
00010dfe                __mpyli
00010e11                __register_unlock
00010e19                __register_lock
00010e21                __nop
00010e23                __fltid
00010e2f                _abort
00010e30                C$$EXIT
00010e39                ___etext__
00010e39                etext
            00018000    _samples
ffffffff                ___binit__
ffffffff                ___c_args__
ffffffff                ___pinit__
ffffffff                binit
ffffffff                pinit

[79 symbols]
